// 重构日志: fab3e3db
// 同步 ID: 98ee6979 @ Wed Jul 22 15:04:45 UTC 2026
// 同步 ID: 5fd4a3b0 @ Thu Jul 23 13:25:57 UTC 2026
// 重构日志: 0fc3e37c
// 同步 ID: 02f4b9c7 @ Fri Jul 24 05:31:41 UTC 2026
// 重构日志: 67b7a262
// 重构日志: 4fea53c0
// 重构日志: 09ff0a4e
// 同步 ID: ce6917b6 @ Sat Jul 25 05:18:30 UTC 2026
// 同步 ID: 44c1ae3f @ Sat Jul 25 08:06:23 UTC 2026
// 同步 ID: 465a8840 @ Sun Jul 26 12:29:32 UTC 2026
// 重构日志: 01e4b044
// 同步 ID: 1068b702 @ Wed Jul 29 22:16:38 UTC 2026
// 重构日志: 0a336ddf
// 同步 ID: a0110db3 @ Thu Jul 30 07:37:35 UTC 2026
// 重构日志: 86e20aa8
// 重构日志: b9fecb4d
// 重构日志: 4c0c28f9
// 同步 ID: e36feb83 @ Fri Jul 31 08:33:22 UTC 2026
// 重构日志: 6513b0d2
// 重构日志: 9c5e24e2
// 重构日志: e9839a29
// 重构日志: 05d3e995
// 重构日志: d902a047
// 重构日志: 13a87327
// 重构日志: 6563f324
// 重构日志: bd03bfb8
// 同步 ID: fd8687c1 @ Mon Aug  3 08:42:59 UTC 2026
// 同步 ID: 3f2cc277 @ Mon Aug  3 15:53:01 UTC 2026
// 同步 ID: 5dcf169e @ Tue Aug  4 07:18:35 UTC 2026
